
Gurobi 13.0.3 (mac64[arm]) logging started Wed Oct  7 14:00:23 2026

Set parameter LogFile to value "/Users/hakonfreyrsigurdarsson/Documents/GitHub/hopverkefni/results/2026-11_20261007_140022_9f51b5/solver.log"
Gurobi Optimizer version 13.0.3 build v13.0.3rc0 (mac64[arm] - Darwin 25.6.0 25G83)

CPU model: Apple M1
Thread count: 8 physical cores, 8 logical processors, using up to 2 threads

Non-default parameters:
TimeLimit  60
MIPGap  0.05
Threads  2

Optimize a model with 31888 rows, 82354 columns and 1505691 nonzeros (Min)
Model fingerprint: 0x7607d25c
Model has 2242 linear objective coefficients
Variable types: 2242 continuous, 80112 integer (80112 binary)
Coefficient statistics:
  Matrix range     [5e-01, 1e+00]
  Objective range  [1e+00, 1e+03]
  Bounds range     [1e+00, 1e+00]
  RHS range        [1e-01, 2e+01]

Found heuristic solution: objective 1526945.3571
Presolve removed 9456 rows and 5924 columns
Presolve time: 1.35s
Presolved: 22432 rows, 76430 columns, 1242628 nonzeros
Variable types: 268 continuous, 76162 integer (74668 binary)
Deterministic concurrent LP optimizer: dual simplex and barrier
Showing barrier log only...

Root barrier log...

Ordering time: 0.25s

Barrier statistics:
 AA' NZ     : 8.322e+05
 Factor NZ  : 3.616e+06 (roughly 50 MB of memory)
 Factor Ops : 1.897e+09 (less than 1 second per iteration)
 Threads    : 1

                  Objective                Residual
Iter       Primal          Dual         Primal    Dual     Compl     Time
   0   8.73280438e+08 -2.07317985e+10  2.70e+04 4.11e+02  7.02e+05     2s
   1   5.74906713e+08 -9.94957514e+09  1.22e+04 1.90e+03  3.29e+05     2s
   2   2.95011656e+08 -1.21310433e+09  2.88e+03 2.60e+02  6.45e+04     3s
   3   1.78793755e+08 -5.02322309e+08  1.13e+03 8.72e+01  2.63e+04     3s
   4   7.01434074e+07 -1.95667086e+08  1.76e+02 3.22e+01  6.04e+03     3s
   5   6.52194868e+06 -8.17142140e+07  1.00e+01 5.55e+00  1.17e+03     3s
   6   7.71939394e+05 -1.26008215e+07  5.63e-01 2.29e-01  1.58e+02     3s
   7   1.94583491e+05 -1.50283745e+06  2.76e-02 6.42e-12  1.96e+01     3s
   8   6.89934140e+04 -1.32272313e+05  8.48e-04 2.73e-12  2.32e+00     3s
   9   4.79118183e+04 -1.51375619e+04  3.20e-04 2.06e-12  7.26e-01     4s
  10   4.02803988e+04  1.76979704e+04  1.66e-04 1.82e-12  2.60e-01     4s
  11   3.43626891e+04  2.62720926e+04  3.28e-05 3.24e-12  9.32e-02     4s
  12   3.30564543e+04  3.16845118e+04  6.37e-06 2.73e-12  1.58e-02     4s
  13   3.26408525e+04  3.25910837e+04  9.10e-08 2.73e-12  5.73e-04     4s
  14   3.26251699e+04  3.26249037e+04  3.64e-12 2.73e-12  3.07e-06     4s
  15   3.26251429e+04  3.26251426e+04  3.64e-12 2.77e-12  3.07e-09     4s

Barrier solved model in 15 iterations and 4.19 seconds (9.14 work units)
Optimal objective 3.26251429e+04


Root crossover log...

       0 PPushes remaining with PInf 0.0000000e+00                 6s

  Push phase complete: Pinf 0.0000000e+00, Dinf 1.0529018e-09      6s


Root simplex log...

Iteration    Objective       Primal Inf.    Dual Inf.      Time
   35419    3.2625143e+04   0.000000e+00   0.000000e+00      6s
Crossover time: 1.38 seconds (1.45 work units)
Concurrent spin time: 0.33s

Solved with barrier

Use crossover to convert LP symmetric solution to basic solution...

Root crossover log...

     166 DPushes remaining with DInf 0.0000000e+00                 6s
       0 DPushes remaining with DInf 0.0000000e+00                 6s

    5329 PPushes remaining with PInf 0.0000000e+00                 6s
       0 PPushes remaining with PInf 0.0000000e+00                 7s

  Push phase complete: Pinf 0.0000000e+00, Dinf 1.3544903e-09      7s


Root simplex log...

Iteration    Objective       Primal Inf.    Dual Inf.      Time
   40913    3.2625143e+04   0.000000e+00   0.000000e+00      7s
Crossover time: 0.77 seconds (0.59 work units)

Root relaxation: objective 3.262514e+04, 40913 iterations, 5.26 seconds (7.07 work units)

    Nodes    |    Current Node    |     Objective Bounds      |     Work
 Expl Unexpl |  Obj  Depth IntInf | Incumbent    BestBd   Gap | It/Node Time

     0     0 32625.1429    0 1873 1526945.36 32625.1429  97.9%     -   17s
H    0     0                    108745.57143 32625.1429  70.0%     -   17s
H    0     0                    69753.785714 32625.1429  53.2%     -   18s
H    0     0                    69752.785714 32625.1429  53.2%     -   18s
H    0     0                    69752.357143 32625.1429  53.2%     -   18s
H    0     0                    69741.357143 32625.1429  53.2%     -   18s
H    0     0                    43732.357143 32625.1429  25.4%     -   18s
H    0     0                    43717.357143 32625.1429  25.4%     -   18s
H    0     0                    43628.714286 32625.1429  25.2%     -   18s
H    0     0                    43529.000000 32625.1429  25.0%     -   19s
H    0     0                    42513.642857 32625.1429  23.3%     -   19s
H    0     0                    42509.000000 32625.1429  23.3%     -   19s
H    0     0                    42465.285714 32625.1429  23.2%     -   19s
H    0     0                    42463.785714 32625.1429  23.2%     -   20s
H    0     0                    41391.071429 32625.1429  21.2%     -   20s
H    0     0                    41377.071429 32625.1429  21.2%     -   21s
H    0     0                    41346.642857 32625.1429  21.1%     -   21s
H    0     0                    39294.071426 32625.1429  17.0%     -   22s
H    0     0                    39293.357140 32625.1429  17.0%     -   22s
H    0     0                    38262.785714 32625.1429  14.7%     -   22s
H    0     0                    38251.071429 32625.1429  14.7%     -   22s
H    0     0                    38247.071429 32625.1429  14.7%     -   23s
H    0     0                    37269.357143 32625.1429  12.5%     -   23s
H    0     0                    37257.357143 32625.1429  12.4%     -   23s
H    0     0                    36267.357143 32625.1429  10.0%     -   23s
H    0     0                    36265.071429 32625.1429  10.0%     -   23s
H    0     0                    35321.928571 32625.1429  7.63%     -   25s
H    0     0                    35273.785714 32625.1429  7.51%     -   25s
H    0     0                    35262.357143 32625.1429  7.48%     -   25s
H    0     0                    33286.714286 32625.1429  1.99%     -   26s

Cleanup yields a better solution

Explored 1 nodes (69172 simplex iterations) in 26.31 seconds (41.17 work units)
Thread count was 2 (of 8 available processors)

Solution count 10: 33285.3 33286.7 35262.4 ... 38247.1

Optimal solution found (tolerance 5.00e-02)
Best objective 3.328528571429e+04, best bound 3.262514285714e+04, gap 1.9833%

User-callback calls 3964, time in user-callback 0.03 sec
